{
  "code": "headphones",
  "labels": {
    "en_US": "Headphones"
  },
  "description": {
    "en_US": "Immerse yourself in sound with our 'Headphones' family template - a premium assortment of pre-built attributes to manage your audio companions, delivering a personal concert experience wherever you go."
  },
  "attribute_as_label": "product_title",
  "attribute_as_main_media": "main_image",
  "attributes": [
    {
      "code": "EAN",
      "group": "other",
      "labels": {
        "en_US": "Main Identifier"
      },
      "type": "pim_catalog_identifier",
      "scopable": false,
      "localizable": false,
      "unique": true
    },
    {
      "code": "price",
      "group": "other",
      "labels": {
        "en_US": "Price"
      },
      "type": "pim_catalog_price_collection",
      "scopable": false,
      "localizable": false,
      "unique": false
    },
    {
      "code": "product_title",
      "group": "other",
      "labels": {
        "en_US": "Product title"
      },
      "type": "pim_catalog_text",
      "scopable": false,
      "localizable": true,
      "unique": false,
      "validation_rule": ""
    },
    {
      "code": "long_description",
      "group": "other",
      "labels": {
        "en_US": "Long description"
      },
      "type": "pim_catalog_textarea",
      "scopable": false,
      "localizable": true,
      "unique": false
    },
    {
      "code": "main_image",
      "group": "other",
      "labels": {
        "en_US": "Main image"
      },
      "type": "pim_catalog_image",
      "scopable": false,
      "localizable": false,
      "unique": false
    },
    {
      "code": "atmosphere_image",
      "group": "other",
      "labels": {
        "en_US": "Atmosphere image"
      },
      "type": "pim_catalog_image",
      "scopable": false,
      "localizable": false,
      "unique": false
    },
    {
      "code": "height",
      "group": "other",
      "labels": {
        "en_US": "Height"
      },
      "type": "pim_catalog_metric",
      "scopable": false,
      "localizable": false,
      "unique": false,
      "metric_family": "length",
      "unit": "centimeter",
      "decimals_allowed": true,
      "negative_allowed": false
    },
    {
      "code": "width",
      "group": "other",
      "labels": {
        "en_US": "Width"
      },
      "type": "pim_catalog_metric",
      "scopable": false,
      "localizable": false,
      "unique": false,
      "metric_family": "length",
      "unit": "centimeter",
      "decimals_allowed": true,
      "negative_allowed": false
    },
    {
      "code": "bluetooth",
      "group": "other",
      "labels": {
        "en_US": "Bluetooth"
      },
      "type": "pim_catalog_boolean",
      "scopable": false,
      "localizable": false,
      "unique": false
    },
    {
      "code": "wireless",
      "group": "other",
      "labels": {
        "en_US": "Wireless"
      },
      "type": "pim_catalog_boolean",
      "scopable": false,
      "localizable": false,
      "unique": false
    }
  ]
}
