{
  "code": "jerseys",
  "labels": {
    "en_US": "Jerseys"
  },
  "description": {
    "en_US": "Cheer on your favorite teams with our 'Jerseys' family template - a winning assortment of pre-built attributes to easily manage your sports apparel, showing your team spirit in style."
  },
  "attribute_as_label": "short_description",
  "attribute_as_main_media": "atmosphere_image",
  "attributes": [
    {
      "code": "EAN",
      "group": "other",
      "labels": {
        "en_US": "Main Identifier"
      },
      "type": "pim_catalog_identifier",
      "scopable": false,
      "localizable": false,
      "unique": true
    },
    {
      "code": "price",
      "group": "other",
      "labels": {
        "en_US": "Price"
      },
      "type": "pim_catalog_price_collection",
      "scopable": false,
      "localizable": false,
      "unique": false
    },
    {
      "code": "short_description",
      "group": "other",
      "labels": {
        "en_US": "Short description"
      },
      "type": "pim_catalog_textarea",
      "scopable": false,
      "localizable": true,
      "unique": false
    },
    {
      "code": "atmosphere_image",
      "group": "other",
      "labels": {
        "en_US": "Atmosphere image"
      },
      "type": "pim_catalog_image",
      "scopable": false,
      "localizable": false,
      "unique": false
    },
    {
      "code": "player",
      "group": "other",
      "labels": {
        "en_US": "Player"
      },
      "type": "pim_catalog_text",
      "scopable": false,
      "localizable": true,
      "unique": false,
      "validation_rule": null
    },
    {
      "code": "sport_type",
      "group": "other",
      "labels": {
        "en_US": "Sport type"
      },
      "type": "pim_catalog_simpleselect",
      "scopable": false,
      "localizable": false,
      "unique": false
    },
    {
      "code": "color",
      "group": "other",
      "labels": {
        "en_US": "Color"
      },
      "type": "pim_catalog_simpleselect",
      "scopable": false,
      "localizable": false,
      "unique": false
    },
    {
      "code": "fabric",
      "group": "other",
      "labels": {
        "en_US": "Fabric"
      },
      "type": "pim_catalog_multiselect",
      "scopable": false,
      "localizable": false,
      "unique": false
    },
    {
      "code": "cut",
      "group": "other",
      "labels": {
        "en_US": "Cut"
      },
      "type": "pim_catalog_simpleselect",
      "scopable": false,
      "localizable": false,
      "unique": false
    }
  ]
}
